=== Phase 21-IR : sondage d'accessibilite des hotes officiels, avant le gel ===
2026-08-17T11:10:04Z
https://archive.ics.uci.edu                                  000
FAIL(000)
https://www.openml.org/api/v1/json/data/list/limit/1         000
FAIL(000)
https://api.openml.org                                       000
FAIL(000)
https://raw.githubusercontent.com                            301
https://api.github.com                                       200
--- journal du relais ---
[
 {
  "ts": "2026-08-17T11:03:14.219Z",
  "kind": "connect_rejected",
  "detail": "gateway answered 403 to CONNECT (policy denial or upstream failure)",
  "host": "archive.ics.uci.edu:443"
 },
 {
  "ts": "2026-08-17T11:03:14.552Z",
  "kind": "connect_rejected",
  "detail": "gateway answered 403 to CONNECT (policy denial or upstream failure)",
  "host": "www.openml.org:443"
 },
 {
  "ts": "2026-08-17T11:03:14.902Z",
  "kind": "connect_rejected",
  "detail": "gateway answered 403 to CONNECT (policy denial or upstream failure)",
  "host": "api.openml.org:443"
 },
 {
  "ts": "2026-08-17T11:03:37.091Z",
  "kind": "connect_rejected",
  "detail": "gateway answered 403 to CONNECT (policy denial or upstream failure)",
  "host": "datahub.io:443"
 },
 {
  "ts": "2026-08-17T11:03:37.441Z",
  "kind": "connect_rejected",
  "detail": "gateway answered 403 to CONNECT (policy denial or upstream failure)",
  "host": "www.kaggle.com:443"
 },
 {
  "ts": "2026-08-17T11:03:37.796Z",
  "kind": "connect_rejected",
  "detail": "gateway answered 403 to CONNECT (policy denial or upstream failure)",
  "host": "zenodo.org:443"
 },
 {
  "ts": "2026-08-17T11:10:04.464Z",
  "kind": "connect_rejected",
  "detail": "gateway answered 403 to CONNECT (policy denial or upstream failure)",
  "host": "archive.ics.uci.edu:443"
 },
 {
  "ts": "2026-08-17T11:10:04.845Z",
  "kind": "connect_rejected",
  "detail": "gateway answered 403 to CONNECT (policy denial or upstream failure)",
  "host": "www.openml.org:443"
 },
 {
  "ts": "2026-08-17T11:10:05.296Z",
  "kind": "connect_rejected",
  "detail": "gateway answered 403 to CONNECT (policy denial or upstream failure)",
  "host": "api.openml.org:443"
 }
]
