{"verbatim": true, "sha256_function": "492c42dbee0b88c6e45867374da1c146a0d4d4df6fb6adf634b65931d57d6318", "source_file": "src/phase20_dr_run.py", "sha256_source_file": "b66cb9de732a62743677acddd3be4e1ab5eb6e6655ec64b1ecdd5b9f0558e89b"}

== GAS [main] == X(13910, 128) -> Z(13910, 128) {'n_features_kept': 128, 'n_missing_indicators': 0, 'n_features_final': 128}
/usr/local/lib/python3.11/dist-packages/sklearn/linear_model/_logistic.py:1403: FutureWarning: 'penalty' was deprecated in version 1.8 and will be removed in 1.10. To avoid this warning, leave 'penalty' set to its default value and use 'l1_ratio' or 'C' instead. Use l1_ratio=0 instead of penalty='l2', l1_ratio=1 instead of penalty='l1', l1_ratio set to a float between 0 and 1 instead of penalty='elasticnet', and C=np.inf instead of penalty=None.
  warnings.warn(
/usr/local/lib/python3.11/dist-packages/sklearn/linear_model/_logistic.py:1403: FutureWarning: 'penalty' was deprecated in version 1.8 and will be removed in 1.10. To avoid this warning, leave 'penalty' set to its default value and use 'l1_ratio' or 'C' instead. Use l1_ratio=0 instead of penalty='l2', l1_ratio=1 instead of penalty='l1', l1_ratio set to a float between 0 and 1 instead of penalty='elasticnet', and C=np.inf instead of penalty=None.
  warnings.warn(
  GAS/M1_logreg: hp={'C': 10.0} prob_best=B3_margin AUROC_calib=0.847 -> confident (40s)
  GAS/M1_logreg: TEST acc=0.9914 err=24 dAUROC=+0.0905 [-0.0327;+0.2385] p=0.1760 dAURC=+0.00298
/usr/local/lib/python3.11/dist-packages/sklearn/svm/_base.py:239: FutureWarning: The `probability` parameter was deprecated in 1.9 and will be removed in version 1.11. Use `CalibratedClassifierCV(SVC(), ensemble=False)` instead of `SVC(probability=True)`
  warnings.warn(
/usr/local/lib/python3.11/dist-packages/sklearn/svm/_base.py:239: FutureWarning: The `probability` parameter was deprecated in 1.9 and will be removed in version 1.11. Use `CalibratedClassifierCV(SVC(), ensemble=False)` instead of `SVC(probability=True)`
  warnings.warn(
/usr/local/lib/python3.11/dist-packages/sklearn/svm/_base.py:239: FutureWarning: The `probability` parameter was deprecated in 1.9 and will be removed in version 1.11. Use `CalibratedClassifierCV(SVC(), ensemble=False)` instead of `SVC(probability=True)`
  warnings.warn(
/usr/local/lib/python3.11/dist-packages/sklearn/svm/_base.py:239: FutureWarning: The `probability` parameter was deprecated in 1.9 and will be removed in version 1.11. Use `CalibratedClassifierCV(SVC(), ensemble=False)` instead of `SVC(probability=True)`
  warnings.warn(
/usr/local/lib/python3.11/dist-packages/sklearn/svm/_base.py:239: FutureWarning: The `probability` parameter was deprecated in 1.9 and will be removed in version 1.11. Use `CalibratedClassifierCV(SVC(), ensemble=False)` instead of `SVC(probability=True)`
  warnings.warn(
/usr/local/lib/python3.11/dist-packages/sklearn/linear_model/_logistic.py:1403: FutureWarning: 'penalty' was deprecated in version 1.8 and will be removed in 1.10. To avoid this warning, leave 'penalty' set to its default value and use 'l1_ratio' or 'C' instead. Use l1_ratio=0 instead of penalty='l2', l1_ratio=1 instead of penalty='l1', l1_ratio set to a float between 0 and 1 instead of penalty='elasticnet', and C=np.inf instead of penalty=None.
  warnings.warn(
/usr/local/lib/python3.11/dist-packages/sklearn/linear_model/_logistic.py:1403: FutureWarning: 'penalty' was deprecated in version 1.8 and will be removed in 1.10. To avoid this warning, leave 'penalty' set to its default value and use 'l1_ratio' or 'C' instead. Use l1_ratio=0 instead of penalty='l2', l1_ratio=1 instead of penalty='l1', l1_ratio set to a float between 0 and 1 instead of penalty='elasticnet', and C=np.inf instead of penalty=None.
  warnings.warn(
  GAS/M2_rbf_svm: hp={'C': 10.0, 'gamma': 0.01} prob_best=B3_margin AUROC_calib=0.878 -> confident (9s)
  GAS/M2_rbf_svm: TEST acc=0.9939 err=17 dAUROC=+0.0473 [-0.0321;+0.1697] p=0.3720 dAURC=+0.00259
/usr/local/lib/python3.11/dist-packages/sklearn/linear_model/_logistic.py:1403: FutureWarning: 'penalty' was deprecated in version 1.8 and will be removed in 1.10. To avoid this warning, leave 'penalty' set to its default value and use 'l1_ratio' or 'C' instead. Use l1_ratio=0 instead of penalty='l2', l1_ratio=1 instead of penalty='l1', l1_ratio set to a float between 0 and 1 instead of penalty='elasticnet', and C=np.inf instead of penalty=None.
  warnings.warn(
/usr/local/lib/python3.11/dist-packages/sklearn/linear_model/_logistic.py:1403: FutureWarning: 'penalty' was deprecated in version 1.8 and will be removed in 1.10. To avoid this warning, leave 'penalty' set to its default value and use 'l1_ratio' or 'C' instead. Use l1_ratio=0 instead of penalty='l2', l1_ratio=1 instead of penalty='l1', l1_ratio set to a float between 0 and 1 instead of penalty='elasticnet', and C=np.inf instead of penalty=None.
  warnings.warn(
  GAS/M3_random_forest: hp={'max_features': 'sqrt', 'min_samples_leaf': 1} prob_best=B1_max_prob AUROC_calib=0.948 -> confident (56s)
  GAS/M3_random_forest: TEST acc=0.9914 err=24 dAUROC=-0.0089 [-0.0237;+0.0012] p=0.1050 dAURC=-0.00010
/usr/local/lib/python3.11/dist-packages/sklearn/linear_model/_logistic.py:1403: FutureWarning: 'penalty' was deprecated in version 1.8 and will be removed in 1.10. To avoid this warning, leave 'penalty' set to its default value and use 'l1_ratio' or 'C' instead. Use l1_ratio=0 instead of penalty='l2', l1_ratio=1 instead of penalty='l1', l1_ratio set to a float between 0 and 1 instead of penalty='elasticnet', and C=np.inf instead of penalty=None.
  warnings.warn(
/usr/local/lib/python3.11/dist-packages/sklearn/linear_model/_logistic.py:1403: FutureWarning: 'penalty' was deprecated in version 1.8 and will be removed in 1.10. To avoid this warning, leave 'penalty' set to its default value and use 'l1_ratio' or 'C' instead. Use l1_ratio=0 instead of penalty='l2', l1_ratio=1 instead of penalty='l1', l1_ratio set to a float between 0 and 1 instead of penalty='elasticnet', and C=np.inf instead of penalty=None.
  warnings.warn(
  GAS/M4_hist_gradient_boosting: hp={'learning_rate': 0.1, 'max_leaf_nodes': 31} prob_best=B2_entropy AUROC_calib=0.877 -> confident (22s)
  GAS/M4_hist_gradient_boosting: TEST acc=0.9921 err=22 dAUROC=-0.0215 [-0.0436;-0.0015] p=0.0380 dAURC=-0.00022

== GAS [shift] == X(13910, 128) -> Z(13910, 128) {'n_features_kept': 128, 'n_missing_indicators': 0, 'n_features_final': 128}
/usr/local/lib/python3.11/dist-packages/sklearn/linear_model/_logistic.py:1403: FutureWarning: 'penalty' was deprecated in version 1.8 and will be removed in 1.10. To avoid this warning, leave 'penalty' set to its default value and use 'l1_ratio' or 'C' instead. Use l1_ratio=0 instead of penalty='l2', l1_ratio=1 instead of penalty='l1', l1_ratio set to a float between 0 and 1 instead of penalty='elasticnet', and C=np.inf instead of penalty=None.
  warnings.warn(
/usr/local/lib/python3.11/dist-packages/sklearn/linear_model/_logistic.py:1403: FutureWarning: 'penalty' was deprecated in version 1.8 and will be removed in 1.10. To avoid this warning, leave 'penalty' set to its default value and use 'l1_ratio' or 'C' instead. Use l1_ratio=0 instead of penalty='l2', l1_ratio=1 instead of penalty='l1', l1_ratio set to a float between 0 and 1 instead of penalty='elasticnet', and C=np.inf instead of penalty=None.
  warnings.warn(
  GAS/M1_logreg: hp={'C': 10.0} prob_best=B3_margin AUROC_calib=0.950 -> confident (34s)
  GAS/M1_logreg: TEST acc=0.5627 err=3488 dAUROC=-0.1177 [-0.1318;-0.1030] p=0.0000 dAURC=-0.12442
/usr/local/lib/python3.11/dist-packages/sklearn/svm/_base.py:239: FutureWarning: The `probability` parameter was deprecated in 1.9 and will be removed in version 1.11. Use `CalibratedClassifierCV(SVC(), ensemble=False)` instead of `SVC(probability=True)`
  warnings.warn(
/usr/local/lib/python3.11/dist-packages/sklearn/svm/_base.py:239: FutureWarning: The `probability` parameter was deprecated in 1.9 and will be removed in version 1.11. Use `CalibratedClassifierCV(SVC(), ensemble=False)` instead of `SVC(probability=True)`
  warnings.warn(
/usr/local/lib/python3.11/dist-packages/sklearn/svm/_base.py:239: FutureWarning: The `probability` parameter was deprecated in 1.9 and will be removed in version 1.11. Use `CalibratedClassifierCV(SVC(), ensemble=False)` instead of `SVC(probability=True)`
  warnings.warn(
/usr/local/lib/python3.11/dist-packages/sklearn/svm/_base.py:239: FutureWarning: The `probability` parameter was deprecated in 1.9 and will be removed in version 1.11. Use `CalibratedClassifierCV(SVC(), ensemble=False)` instead of `SVC(probability=True)`
  warnings.warn(
/usr/local/lib/python3.11/dist-packages/sklearn/svm/_base.py:239: FutureWarning: The `probability` parameter was deprecated in 1.9 and will be removed in version 1.11. Use `CalibratedClassifierCV(SVC(), ensemble=False)` instead of `SVC(probability=True)`
  warnings.warn(
/usr/local/lib/python3.11/dist-packages/sklearn/linear_model/_logistic.py:1403: FutureWarning: 'penalty' was deprecated in version 1.8 and will be removed in 1.10. To avoid this warning, leave 'penalty' set to its default value and use 'l1_ratio' or 'C' instead. Use l1_ratio=0 instead of penalty='l2', l1_ratio=1 instead of penalty='l1', l1_ratio set to a float between 0 and 1 instead of penalty='elasticnet', and C=np.inf instead of penalty=None.
  warnings.warn(
/usr/local/lib/python3.11/dist-packages/sklearn/linear_model/_logistic.py:1403: FutureWarning: 'penalty' was deprecated in version 1.8 and will be removed in 1.10. To avoid this warning, leave 'penalty' set to its default value and use 'l1_ratio' or 'C' instead. Use l1_ratio=0 instead of penalty='l2', l1_ratio=1 instead of penalty='l1', l1_ratio set to a float between 0 and 1 instead of penalty='elasticnet', and C=np.inf instead of penalty=None.
  warnings.warn(
  GAS/M2_rbf_svm: hp={'C': 10.0, 'gamma': 'scale'} prob_best=B3_margin AUROC_calib=0.612 -> CONFIDENCE_WEAK (2s)
  GAS/M2_rbf_svm: TEST acc=0.5646 err=3473 dAUROC=+0.1388 [+0.1239;+0.1541] p=0.0000 dAURC=+0.12374
/usr/local/lib/python3.11/dist-packages/sklearn/linear_model/_logistic.py:1403: FutureWarning: 'penalty' was deprecated in version 1.8 and will be removed in 1.10. To avoid this warning, leave 'penalty' set to its default value and use 'l1_ratio' or 'C' instead. Use l1_ratio=0 instead of penalty='l2', l1_ratio=1 instead of penalty='l1', l1_ratio set to a float between 0 and 1 instead of penalty='elasticnet', and C=np.inf instead of penalty=None.
  warnings.warn(
/usr/local/lib/python3.11/dist-packages/sklearn/linear_model/_logistic.py:1403: FutureWarning: 'penalty' was deprecated in version 1.8 and will be removed in 1.10. To avoid this warning, leave 'penalty' set to its default value and use 'l1_ratio' or 'C' instead. Use l1_ratio=0 instead of penalty='l2', l1_ratio=1 instead of penalty='l1', l1_ratio set to a float between 0 and 1 instead of penalty='elasticnet', and C=np.inf instead of penalty=None.
  warnings.warn(
  GAS/M3_random_forest: hp={'max_features': 'sqrt', 'min_samples_leaf': 1} prob_best=B2_entropy AUROC_calib=0.831 -> confident (17s)
  GAS/M3_random_forest: TEST acc=0.4844 err=4113 dAUROC=-0.1066 [-0.1186;-0.0943] p=0.0000 dAURC=-0.06617
/usr/local/lib/python3.11/dist-packages/sklearn/linear_model/_logistic.py:1403: FutureWarning: 'penalty' was deprecated in version 1.8 and will be removed in 1.10. To avoid this warning, leave 'penalty' set to its default value and use 'l1_ratio' or 'C' instead. Use l1_ratio=0 instead of penalty='l2', l1_ratio=1 instead of penalty='l1', l1_ratio set to a float between 0 and 1 instead of penalty='elasticnet', and C=np.inf instead of penalty=None.
  warnings.warn(
/usr/local/lib/python3.11/dist-packages/sklearn/linear_model/_logistic.py:1403: FutureWarning: 'penalty' was deprecated in version 1.8 and will be removed in 1.10. To avoid this warning, leave 'penalty' set to its default value and use 'l1_ratio' or 'C' instead. Use l1_ratio=0 instead of penalty='l2', l1_ratio=1 instead of penalty='l1', l1_ratio set to a float between 0 and 1 instead of penalty='elasticnet', and C=np.inf instead of penalty=None.
  warnings.warn(
  GAS/M4_hist_gradient_boosting: hp={'learning_rate': 0.1, 'max_leaf_nodes': 63} prob_best=B1_max_prob AUROC_calib=0.660 -> CONFIDENCE_WEAK (18s)
  GAS/M4_hist_gradient_boosting: TEST acc=0.5275 err=3769 dAUROC=-0.0363 [-0.0497;-0.0221] p=0.0000 dAURC=-0.07287

== CREDIT [main] == X(30000, 23) -> Z(30000, 23) {'n_features_kept': 23, 'n_missing_indicators': 0, 'n_features_final': 23}
/usr/local/lib/python3.11/dist-packages/sklearn/linear_model/_logistic.py:1403: FutureWarning: 'penalty' was deprecated in version 1.8 and will be removed in 1.10. To avoid this warning, leave 'penalty' set to its default value and use 'l1_ratio' or 'C' instead. Use l1_ratio=0 instead of penalty='l2', l1_ratio=1 instead of penalty='l1', l1_ratio set to a float between 0 and 1 instead of penalty='elasticnet', and C=np.inf instead of penalty=None.
  warnings.warn(
/usr/local/lib/python3.11/dist-packages/sklearn/linear_model/_logistic.py:1403: FutureWarning: 'penalty' was deprecated in version 1.8 and will be removed in 1.10. To avoid this warning, leave 'penalty' set to its default value and use 'l1_ratio' or 'C' instead. Use l1_ratio=0 instead of penalty='l2', l1_ratio=1 instead of penalty='l1', l1_ratio set to a float between 0 and 1 instead of penalty='elasticnet', and C=np.inf instead of penalty=None.
  warnings.warn(
  CREDIT/M1_logreg: hp={'C': 1.0} prob_best=B1_max_prob AUROC_calib=0.656 -> CONFIDENCE_WEAK (0s)
  CREDIT/M1_logreg: TEST acc=0.8105 err=1137 dAUROC=+0.0139 [+0.0055;+0.0225] p=0.0020 dAURC=+0.00727
/usr/local/lib/python3.11/dist-packages/sklearn/svm/_base.py:239: FutureWarning: The `probability` parameter was deprecated in 1.9 and will be removed in version 1.11. Use `CalibratedClassifierCV(SVC(), ensemble=False)` instead of `SVC(probability=True)`
  warnings.warn(
/usr/local/lib/python3.11/dist-packages/sklearn/svm/_base.py:239: FutureWarning: The `probability` parameter was deprecated in 1.9 and will be removed in version 1.11. Use `CalibratedClassifierCV(SVC(), ensemble=False)` instead of `SVC(probability=True)`
  warnings.warn(
/usr/local/lib/python3.11/dist-packages/sklearn/svm/_base.py:239: FutureWarning: The `probability` parameter was deprecated in 1.9 and will be removed in version 1.11. Use `CalibratedClassifierCV(SVC(), ensemble=False)` instead of `SVC(probability=True)`
  warnings.warn(
