Phase 11D -- Net3 Time Horizon vs OFFICIAL EPA workbook

Specificity definition re-derived on the official Network Size sheet:
            method         network  n_nodes  n_ge_published  specificity_published  specificity_derived    abs_error  exact
 probability_based        Net3(97)       97              30              69.072165            69.072165 0.000000e+00   True
 probability_based Network2(3,358)     3358              32              99.047052            99.047052 0.000000e+00   True
 probability_based   BWSN2(12,523)    12523              45              99.640661            99.640661 0.000000e+00   True
contaminant_status        Net3(97)       97              34              64.948454            64.948454 0.000000e+00   True
contaminant_status Network2(3,358)     3358             103              96.932698            96.932698 0.000000e+00   True
contaminant_status   BWSN2(12,523)    12523             214              98.291144            98.291144 0.000000e+00   True
      optimization        Net3(97)       97              30              69.072165            69.072165 0.000000e+00   True
      optimization Network2(3,358)     3358              30              99.106611            99.106611 0.000000e+00   True
      optimization   BWSN2(12,523)    12523              32              99.744470            99.744470 1.421085e-14   True 

Official Time Horizon targets:
                accuracy_pct                                   specificity_pct                               
method    contaminant_status optimization probability_based contaminant_status optimization probability_based
horizon_h                                                                                                    
1                       20.0         20.0               1.0               15.0         40.0              35.0
2                       40.0         28.0               1.0               30.0         54.0              52.0
4                       80.0         72.0              44.0               64.0         72.0              72.0
8                      100.0        100.0             100.0               75.0         90.0              90.0
16                     100.0        100.0             100.0               78.0         90.0              90.0
24                     100.0        100.0             100.0               80.0         90.0              90.0 

  signature library: 92 candidates, n_total_nodes=97
    25/92 signatures (1s)
    50/92 signatures (2s)
    75/92 signatures (3s)
  sensors (UNRESOLVED design, 11B seed, NOT re-chosen): ['103', '117', '119', '187', '217']
    25/92 scenarios
    50/92 scenarios
    75/92 scenarios

1104 rows, 92 scenarios (4s)

            method  horizon_h  specificity_published  specificity_reproduced  specificity_error  accuracy_published  accuracy_H1_tied_argmax  accuracy_H1_error  accuracy_H2_candidate_set  accuracy_H2_error  mean_n_ge  top1_pct
 probability_based          1                   35.0                    5.15             -29.85                 1.0                   100.00              99.00                     100.00              99.00      92.00      1.09
 probability_based          2                   52.0                    5.15             -46.85                 1.0                   100.00              99.00                     100.00              99.00      92.00      1.09
 probability_based          4                   72.0                   40.74             -31.26                44.0                    16.30             -27.70                     100.00              56.00      57.48     14.13
 probability_based          8                   90.0                   46.34             -43.66               100.0                    22.83             -77.17                     100.00               0.00      52.05     21.74
 probability_based         16                   90.0                   81.23              -8.77               100.0                    45.65             -54.35                      60.87             -39.13      18.21     41.30
 probability_based         24                   90.0                   81.24              -8.76               100.0                    45.65             -54.35                      56.52             -43.48      18.20     41.30
contaminant_status          1                   15.0                    5.15              -9.85                20.0                   100.00              80.00                     100.00              80.00      92.00      1.09
contaminant_status          2                   30.0                    5.15             -24.85                40.0                   100.00              60.00                     100.00              60.00      92.00      1.09
contaminant_status          4                   64.0                   38.23             -25.77                80.0                   100.00              20.00                     100.00              20.00      59.91     13.04
contaminant_status          8                   75.0                   43.19             -31.81               100.0                   100.00               0.00                     100.00               0.00      55.11     19.57
contaminant_status         16                   78.0                   75.77              -2.23               100.0                   100.00               0.00                     100.00               0.00      23.50     27.17
contaminant_status         24                   80.0                   75.77              -4.23               100.0                   100.00               0.00                     100.00               0.00      23.50     27.17

========================================================================
{
  "gate": "R2_TIME_HORIZON",
  "protocol_sha256": null,
  "methods_required": [
    "probability_based",
    "contaminant_status",
    "optimization"
  ],
  "methods_evaluated": [
    "probability_based",
    "contaminant_status"
  ],
  "per_method": {
    "probability_based": {
      "status": "EVALUATED",
      "rmse_specificity": 31.95,
      "rmse_specificity_gate": 5.0,
      "rmse_specificity_pass": false,
      "rmse_accuracy_H1": 73.29,
      "rmse_accuracy_H2": 66.03,
      "rmse_accuracy_gate": 5.0,
      "rmse_accuracy_pass_best_hypothesis": false,
      "accuracy_plateau_100_from_8h_H1": false,
      "accuracy_plateau_100_from_8h_H2": false
    },
    "contaminant_status": {
      "status": "EVALUATED",
      "rmse_specificity": 20.06,
      "rmse_specificity_gate": 5.0,
      "rmse_specificity_pass": false,
      "rmse_accuracy_H1": 41.63,
      "rmse_accuracy_H2": 41.63,
      "rmse_accuracy_gate": 5.0,
      "rmse_accuracy_pass_best_hypothesis": false,
      "accuracy_plateau_100_from_8h_H1": true,
      "accuracy_plateau_100_from_8h_H2": true
    },
    "optimization": {
      "status": "NOT_IMPLEMENTED",
      "reason": "WST optimization method requires a compiled MIP solver (Merlion/Pyomo); unavailable in this environment"
    }
  },
  "conditions": {
    "plateau_accuracy_100_from_8h_all_three_methods": false,
    "rmse_accuracy_le_5": false,
    "rmse_specificity_le_5": false
  },
  "verdict": "FAILED"
}
========================================================================

GATE R2 VERDICT: FAILED
